======================================================================
  LingFlow v1.1.0 全面测试
======================================================================

======================================================================
  测试 1: 代理注册和发现
======================================================================
Traceback (most recent call last):
  File "D:\documents\Ammiao目录索引\other\LingFlow\test_comprehensive.py", line 390, in <module>
    sys.exit(main())
             ~~~~^^
  File "D:\documents\Ammiao目录索引\other\LingFlow\test_comprehensive.py", line 385, in main
    success = runner.run_all_tests()
  File "D:\documents\Ammiao目录索引\other\LingFlow\test_comprehensive.py", line 353, in run_all_tests
    self.test_1_agent_registration()
    ~~~~~~~~~~~~~~~~~~~~~~~~~~~~~~^^
  File "D:\documents\Ammiao目录索引\other\LingFlow\test_comprehensive.py", line 59, in test_1_agent_registration
    self.print_result(
    ~~~~~~~~~~~~~~~~~^
        f"代理数量 ({actual_count} == {expected_count})",
        ^^^^^^^^^^^^^^^^^^^^^^^^^^^^^^^^^^^^^^^^^^^^^^^^^
        actual_count == expected_count
        ^^^^^^^^^^^^^^^^^^^^^^^^^^^^^^
    )
    ^
  File "D:\documents\Ammiao目录索引\other\LingFlow\test_comprehensive.py", line 41, in print_result
    print(f"  {status} {test_name}")
    ~~~~~^^^^^^^^^^^^^^^^^^^^^^^^^^^
UnicodeEncodeError: 'gbk' codec can't encode character '\u2705' in position 2: illegal multibyte sequence
